<?xml version="1.0" encoding="utf-8"?><testsuites name="pytest tests"><testsuite name="pytest" errors="0" failures="0" skipped="0" tests="321" time="29.164" timestamp="2025-12-07T20:27:22.090414-08:00" hostname="MacBookPro.lan"><testcase classname="tests.benchmark.test_performance.TestHybridSearchPerformance" name="test_hybrid_search_p95_under_500ms" time="11.317" /><testcase classname="tests.benchmark.test_performance.TestHybridSearchPerformance" name="test_hybrid_search_graceful_degradation_latency" time="7.547" /><testcase classname="tests.benchmark.test_performance.TestGraphTraversalPerformance" name="test_bfs_traversal_performance" time="3.388" /><testcase classname="tests.benchmark.test_performance.TestGraphTraversalPerformance" name="test_dfs_traversal_performance" time="3.533" /><testcase classname="tests.benchmark.test_performance.TestScoreFusionPerformance" name="test_score_fusion_computational_overhead" time="0.184" /><testcase classname="tests.benchmark.test_performance.TestBenchmarkUtilities" name="test_calculate_percentile_p50" time="0.003" /><testcase classname="tests.benchmark.test_performance.TestBenchmarkUtilities" name="test_calculate_percentile_p95" time="0.000" /><testcase classname="tests.benchmark.test_performance.TestBenchmarkUtilities" name="test_calculate_percentile_empty_raises" time="0.001" /><testcase classname="tests.benchmark.test_performance.TestBenchmarkUtilities" name="test_benchmark_result_passes_target" time="0.000" /><testcase classname="tests.benchmark.test_performance.TestBenchmarkUtilities" name="test_run_benchmark_statistics" time="0.000" /><testcase classname="tests.integration.test_hybrid_api.TestHybridSearchEndpoint" name="test_hybrid_search_success" time="0.308" /><testcase classname="tests.integration.test_hybrid_api.TestHybridSearchEndpoint" name="test_hybrid_search_with_embedding" time="0.010" /><testcase classname="tests.integration.test_hybrid_api.TestHybridSearchEndpoint" name="test_hybrid_search_requires_query_or_embedding" time="0.008" /><testcase classname="tests.integration.test_hybrid_api.TestHybridSearchEndpoint" name="test_hybrid_search_response_format" time="0.007" /><testcase classname="tests.integration.test_hybrid_api.TestHybridSearchEndpoint" name="test_hybrid_search_respects_limit" time="0.007" /><testcase classname="tests.integration.test_hybrid_api.TestHybridSearchEndpoint" name="test_hybrid_search_disabled_returns_error" time="0.007" /><testcase classname="tests.integration.test_hybrid_api.TestGraphTraverseEndpoint" name="test_graph_traverse_success" time="0.007" /><testcase classname="tests.integration.test_hybrid_api.TestGraphTraverseEndpoint" name="test_graph_traverse_requires_start_node" time="0.007" /><testcase classname="tests.integration.test_hybrid_api.TestGraphTraverseEndpoint" name="test_graph_traverse_default_depth" time="0.007" /><testcase classname="tests.integration.test_hybrid_api.TestGraphTraverseEndpoint" name="test_graph_traverse_disabled_returns_error" time="0.007" /><testcase classname="tests.integration.test_hybrid_api.TestGraphQueryEndpoint" name="test_graph_query_success" time="0.007" /><testcase classname="tests.integration.test_hybrid_api.TestGraphQueryEndpoint" name="test_graph_query_with_parameters" time="0.007" /><testcase classname="tests.integration.test_hybrid_api.TestGraphQueryEndpoint" name="test_graph_query_requires_cypher" time="0.007" /><testcase classname="tests.integration.test_hybrid_api.TestGraphQueryEndpoint" name="test_graph_query_rejects_write_operations" time="0.007" /><testcase classname="tests.integration.test_hybrid_api.TestRequestResponseModels" name="test_hybrid_search_request_model" time="0.000" /><testcase classname="tests.integration.test_hybrid_api.TestRequestResponseModels" name="test_hybrid_search_request_with_embedding" time="0.000" /><testcase classname="tests.integration.test_hybrid_api.TestRequestResponseModels" name="test_hybrid_search_response_model" time="0.000" /><testcase classname="tests.integration.test_hybrid_api.TestRequestResponseModels" name="test_traverse_request_model" time="0.000" /><testcase classname="tests.integration.test_hybrid_api.TestRequestResponseModels" name="test_graph_query_request_model" time="0.000" /><testcase classname="tests.integration.test_hybrid_api.TestErrorHandling" name="test_invalid_json_returns_422" time="0.007" /><testcase classname="tests.integration.test_hybrid_api.TestErrorHandling" name="test_search_error_returns_500" time="0.007" /><testcase classname="tests.integration.test_hybrid_api.TestHealthCheck" name="test_health_check_returns_200" time="0.007" /><testcase classname="tests.integration.test_hybrid_api.TestHealthCheck" name="test_health_check_includes_services" time="0.007" /><testcase classname="tests.integration.test_retrievers_integration.TestNeo4jRetrieverIntegration" name="test_retrieves_relevant_documents_for_ai_query" time="0.003" /><testcase classname="tests.integration.test_retrievers_integration.TestNeo4jRetrieverIntegration" name="test_retrieves_relevant_documents_for_ml_query" time="0.001" /><testcase classname="tests.integration.test_retrievers_integration.TestNeo4jRetrieverIntegration" name="test_documents_have_complete_metadata" time="0.001" /><testcase classname="tests.integration.test_retrievers_integration.TestNeo4jRetrieverIntegration" name="test_async_retrieval" time="0.001" /><testcase classname="tests.integration.test_retrievers_integration.TestQdrantRetrieverIntegration" name="test_retrieves_documents_with_scores" time="0.001" /><testcase classname="tests.integration.test_retrievers_integration.TestQdrantRetrieverIntegration" name="test_respects_score_threshold" time="0.001" /><testcase classname="tests.integration.test_retrievers_integration.TestQdrantRetrieverIntegration" name="test_documents_have_complete_metadata" time="0.001" /><testcase classname="tests.integration.test_retrievers_integration.TestQdrantRetrieverIntegration" name="test_async_retrieval" time="0.001" /><testcase classname="tests.integration.test_retrievers_integration.TestHybridRetrieverIntegration" name="test_combines_results_from_both_sources" time="0.001" /><testcase classname="tests.integration.test_retrievers_integration.TestHybridRetrieverIntegration" name="test_deduplicates_common_documents" time="0.001" /><testcase classname="tests.integration.test_retrievers_integration.TestHybridRetrieverIntegration" name="test_documents_have_combined_score" time="0.001" /><testcase classname="tests.integration.test_retrievers_integration.TestHybridRetrieverIntegration" name="test_weights_affect_ranking" time="0.002" /><testcase classname="tests.integration.test_retrievers_integration.TestHybridRetrieverIntegration" name="test_async_retrieval" time="0.001" /><testcase classname="tests.integration.test_retrievers_integration.TestLCELChainIntegration" name="test_neo4j_retriever_returns_document_list" time="0.001" /><testcase classname="tests.integration.test_retrievers_integration.TestLCELChainIntegration" name="test_qdrant_retriever_returns_document_list" time="0.001" /><testcase classname="tests.integration.test_retrievers_integration.TestLCELChainIntegration" name="test_hybrid_retriever_returns_document_list" time="0.001" /><testcase classname="tests.integration.test_retrievers_integration.TestLCELChainIntegration" name="test_retriever_ainvoke_compatibility" time="0.002" /><testcase classname="tests.unit.test_graph.test_neo4j_client.TestNeo4jClientInitialization" name="test_client_accepts_settings" time="0.001" /><testcase classname="tests.unit.test_graph.test_neo4j_client.TestNeo4jClientInitialization" name="test_client_lazy_driver_initialization" time="0.001" /><testcase classname="tests.unit.test_graph.test_neo4j_client.TestNeo4jClientInitialization" name="test_client_stores_configuration" time="0.001" /><testcase classname="tests.unit.test_graph.test_neo4j_client.TestNeo4jClientConnection" name="test_connect_creates_driver" time="0.003" /><testcase classname="tests.unit.test_graph.test_neo4j_client.TestNeo4jClientConnection" name="test_connect_verifies_connectivity" time="0.002" /><testcase classname="tests.unit.test_graph.test_neo4j_client.TestNeo4jClientConnection" name="test_close_closes_driver" time="0.002" /><testcase classname="tests.unit.test_graph.test_neo4j_client.TestNeo4jClientConnection" name="test_close_handles_no_driver" time="0.001" /><testcase classname="tests.unit.test_graph.test_neo4j_client.TestNeo4jClientContextManager" name="test_async_context_manager_connects_on_enter" time="0.002" /><testcase classname="tests.unit.test_graph.test_neo4j_client.TestNeo4jClientContextManager" name="test_async_context_manager_closes_on_exit" time="0.002" /><testcase classname="tests.unit.test_graph.test_neo4j_client.TestNeo4jClientQuery" name="test_query_executes_cypher" time="0.003" /><testcase classname="tests.unit.test_graph.test_neo4j_client.TestNeo4jClientQuery" name="test_query_accepts_parameters" time="0.002" /><testcase classname="tests.unit.test_graph.test_neo4j_client.TestNeo4jClientQuery" name="test_query_raises_without_connection" time="0.001" /><testcase classname="tests.unit.test_graph.test_neo4j_client.TestNeo4jClientWrite" name="test_execute_write_in_transaction" time="0.003" /><testcase classname="tests.unit.test_graph.test_neo4j_client.TestNeo4jClientErrorHandling" name="test_connection_failure_raises_neo4j_connection_error" time="0.002" /><testcase classname="tests.unit.test_graph.test_neo4j_client.TestNeo4jClientErrorHandling" name="test_query_failure_raises_neo4j_query_error" time="0.002" /><testcase classname="tests.unit.test_graph.test_neo4j_client.TestFakeNeo4jClient" name="test_fake_client_same_interface" time="0.000" /><testcase classname="tests.unit.test_graph.test_neo4j_client.TestFakeNeo4jClient" name="test_fake_client_stores_nodes" time="0.001" /><testcase classname="tests.unit.test_graph.test_neo4j_client.TestFakeNeo4jClient" name="test_fake_client_async_context_manager" time="0.001" /><testcase classname="tests.unit.test_graph.test_neo4j_client.TestNeo4jClientTypes" name="test_query_return_type_is_list_of_dicts" time="0.001" /><testcase classname="tests.unit.test_graph.test_neo4j_client.TestNeo4jClientTypes" name="test_execute_write_return_type" time="0.001" /><testcase classname="tests.unit.test_graph.test_schema.TestNodeLabels" name="test_tier_label_defined" time="0.000" /><testcase classname="tests.unit.test_graph.test_schema.TestNodeLabels" name="test_book_label_defined" time="0.000" /><testcase classname="tests.unit.test_graph.test_schema.TestNodeLabels" name="test_chapter_label_defined" time="0.000" /><testcase classname="tests.unit.test_graph.test_schema.TestNodeLabels" name="test_concept_label_defined" time="0.000" /><testcase classname="tests.unit.test_graph.test_schema.TestNodeLabels" name="test_taxonomy_label_defined" time="0.000" /><testcase classname="tests.unit.test_graph.test_schema.TestRelationshipLabels" name="test_belongs_to_relationship" time="0.000" /><testcase classname="tests.unit.test_graph.test_schema.TestRelationshipLabels" name="test_has_chapter_relationship" time="0.000" /><testcase classname="tests.unit.test_graph.test_schema.TestRelationshipLabels" name="test_has_concept_relationship" time="0.000" /><testcase classname="tests.unit.test_graph.test_schema.TestRelationshipLabels" name="test_references_relationship" time="0.000" /><testcase classname="tests.unit.test_graph.test_schema.TestRelationshipLabels" name="test_related_to_relationship" time="0.000" /><testcase classname="tests.unit.test_graph.test_schema.TestSchemaManagerInit" name="test_schema_manager_accepts_client" time="0.001" /><testcase classname="tests.unit.test_graph.test_schema.TestSchemaManagerInit" name="test_schema_manager_works_with_fake_client" time="0.000" /><testcase classname="tests.unit.test_graph.test_schema.TestIndexCreation" name="test_create_unique_constraint_tier_id" time="0.001" /><testcase classname="tests.unit.test_graph.test_schema.TestIndexCreation" name="test_create_unique_constraint_book_id" time="0.001" /><testcase classname="tests.unit.test_graph.test_schema.TestIndexCreation" name="test_create_unique_constraint_chapter_id" time="0.002" /><testcase classname="tests.unit.test_graph.test_schema.TestIndexCreation" name="test_create_index_book_title" time="0.001" /><testcase classname="tests.unit.test_graph.test_schema.TestIndexCreation" name="test_create_index_chapter_number" time="0.001" /><testcase classname="tests.unit.test_graph.test_schema.TestFullSchemaCreation" name="test_create_all_constraints" time="0.003" /><testcase classname="tests.unit.test_graph.test_schema.TestFullSchemaCreation" name="test_create_all_indexes" time="0.001" /><testcase classname="tests.unit.test_graph.test_schema.TestFullSchemaCreation" name="test_init_schema" time="0.001" /><testcase classname="tests.unit.test_graph.test_schema.TestCypherGeneration" name="test_generate_create_node_cypher" time="0.000" /><testcase classname="tests.unit.test_graph.test_schema.TestCypherGeneration" name="test_generate_merge_node_cypher" time="0.000" /><testcase classname="tests.unit.test_graph.test_schema.TestCypherGeneration" name="test_generate_create_relationship_cypher" time="0.000" /><testcase classname="tests.unit.test_graph.test_schema.TestSchemaValidation" name="test_validate_schema_returns_status" time="0.002" /><testcase classname="tests.unit.test_graph.test_schema.TestSchemaValidation" name="test_get_existing_constraints" time="0.001" /><testcase classname="tests.unit.test_graph.test_schema.TestSchemaValidation" name="test_get_existing_indexes" time="0.002" /><testcase classname="tests.unit.test_graph.test_schema.TestSchemaReset" name="test_drop_all_constraints" time="0.001" /><testcase classname="tests.unit.test_graph.test_schema.TestSchemaReset" name="test_drop_all_indexes" time="0.001" /><testcase classname="tests.unit.test_graph.test_schema.TestSchemaReset" name="test_reset_schema" time="0.002" /><testcase classname="tests.unit.test_graph.test_traversal.TestRelationshipTypes" name="test_relationship_types_defined" time="0.001" /><testcase classname="tests.unit.test_graph.test_traversal.TestRelationshipTypes" name="test_parallel_is_same_tier" time="0.000" /><testcase classname="tests.unit.test_graph.test_traversal.TestRelationshipTypes" name="test_perpendicular_is_adjacent_tier" time="0.000" /><testcase classname="tests.unit.test_graph.test_traversal.TestRelationshipTypes" name="test_skip_tier_is_non_adjacent" time="0.000" /><testcase classname="tests.unit.test_graph.test_traversal.TestTraversalDirection" name="test_direction_types_defined" time="0.000" /><testcase classname="tests.unit.test_graph.test_traversal.TestTraversalDirection" name="test_up_direction_toward_tier_1" time="0.000" /><testcase classname="tests.unit.test_graph.test_traversal.TestTraversalDirection" name="test_down_direction_toward_tier_n" time="0.000" /><testcase classname="tests.unit.test_graph.test_traversal.TestTraversalDirection" name="test_lateral_direction_same_tier" time="0.000" /><testcase classname="tests.unit.test_graph.test_traversal.TestGraphTraversalInitialization" name="test_traversal_accepts_neo4j_client" time="0.001" /><testcase classname="tests.unit.test_graph.test_traversal.TestGraphTraversalInitialization" name="test_traversal_accepts_fake_client" time="0.000" /><testcase classname="tests.unit.test_graph.test_traversal.TestGraphTraversalInitialization" name="test_traversal_stores_max_depth" time="0.001" /><testcase classname="tests.unit.test_graph.test_traversal.TestGraphTraversalInitialization" name="test_traversal_default_max_depth" time="0.001" /><testcase classname="tests.unit.test_graph.test_traversal.TestTierRelationshipDetection" name="test_same_tier_is_parallel" time="0.001" /><testcase classname="tests.unit.test_graph.test_traversal.TestTierRelationshipDetection" name="test_adjacent_tier_is_perpendicular" time="0.001" /><testcase classname="tests.unit.test_graph.test_traversal.TestTierRelationshipDetection" name="test_non_adjacent_tier_is_skip" time="0.001" /><testcase classname="tests.unit.test_graph.test_traversal.TestTierRelationshipDetection" name="test_relationship_is_bidirectional" time="0.001" /><testcase classname="tests.unit.test_graph.test_traversal.TestBFSTraversal" name="test_bfs_finds_parallel_connections_first" time="0.002" /><testcase classname="tests.unit.test_graph.test_traversal.TestBFSTraversal" name="test_bfs_respects_max_depth" time="0.002" /><testcase classname="tests.unit.test_graph.test_traversal.TestBFSTraversal" name="test_bfs_returns_traversal_path" time="0.002" /><testcase classname="tests.unit.test_graph.test_traversal.TestDFSTraversal" name="test_dfs_explores_deep_paths" time="0.002" /><testcase classname="tests.unit.test_graph.test_traversal.TestDFSTraversal" name="test_dfs_respects_max_depth" time="0.002" /><testcase classname="tests.unit.test_graph.test_traversal.TestDFSTraversal" name="test_dfs_avoids_cycles" time="0.002" /><testcase classname="tests.unit.test_graph.test_traversal.TestCrossReferencePaths" name="test_find_path_between_concepts" time="0.002" /><testcase classname="tests.unit.test_graph.test_traversal.TestCrossReferencePaths" name="test_path_includes_relationship_types" time="0.002" /><testcase classname="tests.unit.test_graph.test_traversal.TestCrossReferencePaths" name="test_path_respects_tier_priority" time="0.002" /><testcase classname="tests.unit.test_graph.test_traversal.TestSpiderWebTraversal" name="test_traverse_all_related_chapters" time="0.002" /><testcase classname="tests.unit.test_graph.test_traversal.TestSpiderWebTraversal" name="test_related_chapters_grouped_by_tier" time="0.003" /><testcase classname="tests.unit.test_graph.test_traversal.TestSpiderWebTraversal" name="test_related_chapters_include_relevance_score" time="0.002" /><testcase classname="tests.unit.test_graph.test_traversal.TestTraversalResult" name="test_traversal_result_has_required_fields" time="0.001" /><testcase classname="tests.unit.test_graph.test_traversal.TestTraversalResult" name="test_traversal_result_optional_fields" time="0.000" /><testcase classname="tests.unit.test_neo4j_health.TestNeo4jHealthCheck" name="test_neo4j_health_check_returns_true_when_connected" time="0.004" /><testcase classname="tests.unit.test_neo4j_health.TestNeo4jHealthCheck" name="test_neo4j_health_check_returns_false_when_disconnected" time="0.002" /><testcase classname="tests.unit.test_neo4j_health.TestNeo4jHealthCheck" name="test_neo4j_health_check_returns_connection_details" time="0.002" /><testcase classname="tests.unit.test_neo4j_health.TestNeo4jDriver" name="test_get_neo4j_driver_creates_driver_with_settings" time="0.001" /><testcase classname="tests.unit.test_neo4j_health.TestNeo4jDriver" name="test_get_neo4j_driver_raises_on_invalid_url" time="0.001" /><testcase classname="tests.unit.test_qdrant_health.TestQdrantHealthCheck" name="test_qdrant_health_check_returns_true_when_connected" time="0.010" /><testcase classname="tests.unit.test_qdrant_health.TestQdrantHealthCheck" name="test_qdrant_health_check_returns_false_when_disconnected" time="0.001" /><testcase classname="tests.unit.test_qdrant_health.TestQdrantHealthCheck" name="test_qdrant_health_check_returns_connection_details" time="0.001" /><testcase classname="tests.unit.test_qdrant_health.TestQdrantClient" name="test_get_qdrant_client_creates_client_with_settings" time="0.001" /><testcase classname="tests.unit.test_qdrant_health.TestQdrantClient" name="test_get_qdrant_client_raises_on_invalid_url" time="0.001" /><testcase classname="tests.unit.test_retrievers.test_hybrid_retriever.TestHybridRetrieverInit" name="test_init_with_retrievers" time="0.001" /><testcase classname="tests.unit.test_retrievers.test_hybrid_retriever.TestHybridRetrieverInit" name="test_init_default_weights" time="0.001" /><testcase classname="tests.unit.test_retrievers.test_hybrid_retriever.TestHybridRetrieverInit" name="test_init_custom_weights" time="0.000" /><testcase classname="tests.unit.test_retrievers.test_hybrid_retriever.TestHybridRetrieverInit" name="test_init_with_k_limit" time="0.000" /><testcase classname="tests.unit.test_retrievers.test_hybrid_retriever.TestHybridRetrieverGetRelevantDocuments" name="test_combines_results_from_both_retrievers" time="0.001" /><testcase classname="tests.unit.test_retrievers.test_hybrid_retriever.TestHybridRetrieverGetRelevantDocuments" name="test_deduplicates_by_id" time="0.001" /><testcase classname="tests.unit.test_retrievers.test_hybrid_retriever.TestHybridRetrieverGetRelevantDocuments" name="test_respects_k_limit" time="0.001" /><testcase classname="tests.unit.test_retrievers.test_hybrid_retriever.TestHybridRetrieverGetRelevantDocuments" name="test_empty_query_returns_empty_list" time="0.000" /><testcase classname="tests.unit.test_retrievers.test_hybrid_retriever.TestHybridRetrieverGetRelevantDocuments" name="test_documents_have_combined_score" time="0.001" /><testcase classname="tests.unit.test_retrievers.test_hybrid_retriever.TestHybridRetrieverAsyncGetRelevantDocuments" name="test_async_combines_results" time="0.001" /><testcase classname="tests.unit.test_retrievers.test_hybrid_retriever.TestHybridRetrieverAsyncGetRelevantDocuments" name="test_async_respects_k_limit" time="0.002" /><testcase classname="tests.unit.test_retrievers.test_hybrid_retriever.TestHybridRetrieverLCELCompat" name="test_invoke_returns_documents" time="0.001" /><testcase classname="tests.unit.test_retrievers.test_hybrid_retriever.TestHybridRetrieverLCELCompat" name="test_ainvoke_returns_documents" time="0.001" /><testcase classname="tests.unit.test_retrievers.test_hybrid_retriever.TestHybridRetrieverWeighting" name="test_weights_affect_ranking" time="0.001" /><testcase classname="tests.unit.test_retrievers.test_hybrid_retriever.TestHybridRetrieverErrorHandling" name="test_one_retriever_fails_returns_other_results" time="0.001" /><testcase classname="tests.unit.test_retrievers.test_hybrid_retriever.TestHybridRetrieverErrorHandling" name="test_both_retrievers_fail_raises_error" time="0.001" /><testcase classname="tests.unit.test_retrievers.test_neo4j_retriever.TestNeo4jRetrieverInit" name="test_init_with_client" time="0.001" /><testcase classname="tests.unit.test_retrievers.test_neo4j_retriever.TestNeo4jRetrieverInit" name="test_init_with_custom_limit" time="0.000" /><testcase classname="tests.unit.test_retrievers.test_neo4j_retriever.TestNeo4jRetrieverInit" name="test_init_default_limit" time="0.000" /><testcase classname="tests.unit.test_retrievers.test_neo4j_retriever.TestNeo4jRetrieverGetRelevantDocuments" name="test_retrieves_documents_for_query" time="0.001" /><testcase classname="tests.unit.test_retrievers.test_neo4j_retriever.TestNeo4jRetrieverGetRelevantDocuments" name="test_document_has_page_content" time="0.001" /><testcase classname="tests.unit.test_retrievers.test_neo4j_retriever.TestNeo4jRetrieverGetRelevantDocuments" name="test_document_has_metadata" time="0.001" /><testcase classname="tests.unit.test_retrievers.test_neo4j_retriever.TestNeo4jRetrieverGetRelevantDocuments" name="test_empty_query_returns_empty_list" time="0.001" /><testcase classname="tests.unit.test_retrievers.test_neo4j_retriever.TestNeo4jRetrieverGetRelevantDocuments" name="test_no_results_returns_empty_list" time="0.001" /><testcase classname="tests.unit.test_retrievers.test_neo4j_retriever.TestNeo4jRetrieverGetRelevantDocuments" name="test_respects_k_limit" time="0.001" /><testcase classname="tests.unit.test_retrievers.test_neo4j_retriever.TestNeo4jRetrieverAsyncGetRelevantDocuments" name="test_async_retrieves_documents" time="0.001" /><testcase classname="tests.unit.test_retrievers.test_neo4j_retriever.TestNeo4jRetrieverAsyncGetRelevantDocuments" name="test_async_document_has_content" time="0.001" /><testcase classname="tests.unit.test_retrievers.test_neo4j_retriever.TestNeo4jRetrieverAsyncGetRelevantDocuments" name="test_async_document_has_metadata" time="0.001" /><testcase classname="tests.unit.test_retrievers.test_neo4j_retriever.TestNeo4jRetrieverLCELCompat" name="test_invoke_returns_documents" time="0.001" /><testcase classname="tests.unit.test_retrievers.test_neo4j_retriever.TestNeo4jRetrieverLCELCompat" name="test_ainvoke_returns_documents" time="0.001" /><testcase classname="tests.unit.test_retrievers.test_neo4j_retriever.TestNeo4jRetrieverGraphFeatures" name="test_metadata_includes_tier" time="0.001" /><testcase classname="tests.unit.test_retrievers.test_neo4j_retriever.TestNeo4jRetrieverGraphFeatures" name="test_metadata_includes_book_id" time="0.001" /><testcase classname="tests.unit.test_retrievers.test_neo4j_retriever.TestNeo4jRetrieverGraphFeatures" name="test_metadata_includes_score" time="0.001" /><testcase classname="tests.unit.test_retrievers.test_neo4j_retriever.TestNeo4jRetrieverErrorHandling" name="test_disconnected_client_raises_error" time="0.000" /><testcase classname="tests.unit.test_retrievers.test_qdrant_retriever.TestQdrantRetrieverInit" name="test_init_with_client_and_embedder" time="0.001" /><testcase classname="tests.unit.test_retrievers.test_qdrant_retriever.TestQdrantRetrieverInit" name="test_init_with_custom_limit" time="0.001" /><testcase classname="tests.unit.test_retrievers.test_qdrant_retriever.TestQdrantRetrieverInit" name="test_init_default_limit" time="0.001" /><testcase classname="tests.unit.test_retrievers.test_qdrant_retriever.TestQdrantRetrieverInit" name="test_init_with_score_threshold" time="0.001" /><testcase classname="tests.unit.test_retrievers.test_qdrant_retriever.TestQdrantRetrieverGetRelevantDocuments" name="test_retrieves_documents_for_query" time="0.001" /><testcase classname="tests.unit.test_retrievers.test_qdrant_retriever.TestQdrantRetrieverGetRelevantDocuments" name="test_document_has_page_content" time="0.001" /><testcase classname="tests.unit.test_retrievers.test_qdrant_retriever.TestQdrantRetrieverGetRelevantDocuments" name="test_document_has_metadata" time="0.001" /><testcase classname="tests.unit.test_retrievers.test_qdrant_retriever.TestQdrantRetrieverGetRelevantDocuments" name="test_empty_query_returns_empty_list" time="0.001" /><testcase classname="tests.unit.test_retrievers.test_qdrant_retriever.TestQdrantRetrieverGetRelevantDocuments" name="test_respects_k_limit" time="0.001" /><testcase classname="tests.unit.test_retrievers.test_qdrant_retriever.TestQdrantRetrieverAsyncGetRelevantDocuments" name="test_async_retrieves_documents" time="0.001" /><testcase classname="tests.unit.test_retrievers.test_qdrant_retriever.TestQdrantRetrieverAsyncGetRelevantDocuments" name="test_async_document_has_content" time="0.001" /><testcase classname="tests.unit.test_retrievers.test_qdrant_retriever.TestQdrantRetrieverAsyncGetRelevantDocuments" name="test_async_document_has_metadata" time="0.001" /><testcase classname="tests.unit.test_retrievers.test_qdrant_retriever.TestQdrantRetrieverLCELCompat" name="test_invoke_returns_documents" time="0.001" /><testcase classname="tests.unit.test_retrievers.test_qdrant_retriever.TestQdrantRetrieverLCELCompat" name="test_ainvoke_returns_documents" time="0.001" /><testcase classname="tests.unit.test_retrievers.test_qdrant_retriever.TestQdrantRetrieverVectorFeatures" name="test_metadata_includes_score" time="0.001" /><testcase classname="tests.unit.test_retrievers.test_qdrant_retriever.TestQdrantRetrieverVectorFeatures" name="test_metadata_includes_title" time="0.001" /><testcase classname="tests.unit.test_retrievers.test_qdrant_retriever.TestQdrantRetrieverVectorFeatures" name="test_results_sorted_by_score" time="0.001" /><testcase classname="tests.unit.test_retrievers.test_qdrant_retriever.TestQdrantRetrieverErrorHandling" name="test_disconnected_client_raises_error" time="0.001" /><testcase classname="tests.unit.test_search.test_hybrid.TestHybridSearchServiceInitialization" name="test_service_accepts_clients" time="0.001" /><testcase classname="tests.unit.test_search.test_hybrid.TestHybridSearchServiceInitialization" name="test_service_default_weights" time="0.001" /><testcase classname="tests.unit.test_search.test_hybrid.TestHybridSearchServiceInitialization" name="test_service_custom_weights" time="0.001" /><testcase classname="tests.unit.test_search.test_hybrid.TestHybridSearchServiceInitialization" name="test_service_weights_must_sum_to_one" time="0.001" /><testcase classname="tests.unit.test_search.test_hybrid.TestHybridSearchExecution" name="test_search_calls_both_sources" time="0.002" /><testcase classname="tests.unit.test_search.test_hybrid.TestHybridSearchExecution" name="test_search_returns_hybrid_results" time="0.002" /><testcase classname="tests.unit.test_search.test_hybrid.TestHybridSearchExecution" name="test_search_fuses_scores" time="0.002" /><testcase classname="tests.unit.test_search.test_hybrid.TestHybridSearchExecution" name="test_search_handles_vector_only_results" time="0.002" /><testcase classname="tests.unit.test_search.test_hybrid.TestHybridSearchExecution" name="test_search_handles_graph_only_results" time="0.002" /><testcase classname="tests.unit.test_search.test_hybrid.TestHybridSearchExecution" name="test_search_respects_limit" time="0.002" /><testcase classname="tests.unit.test_search.test_hybrid.TestHybridSearchExecution" name="test_search_sorts_by_hybrid_score_descending" time="0.002" /><testcase classname="tests.unit.test_search.test_hybrid.TestScoreNormalization" name="test_normalizes_scores_to_0_1_range" time="0.001" /><testcase classname="tests.unit.test_search.test_hybrid.TestScoreNormalization" name="test_validates_non_negative_scores" time="0.001" /><testcase classname="tests.unit.test_search.test_hybrid.TestTieBreaking" name="test_tie_breaking_by_id" time="0.003" /><testcase classname="tests.unit.test_search.test_hybrid.TestHybridSearchErrorHandling" name="test_graceful_degradation_on_graph_failure" time="0.001" /><testcase classname="tests.unit.test_search.test_hybrid.TestHybridSearchErrorHandling" name="test_raises_on_vector_failure" time="0.001" /><testcase classname="tests.unit.test_search.test_hybrid.TestHybridSearchResult" name="test_hybrid_result_creation" time="0.000" /><testcase classname="tests.unit.test_search.test_hybrid.TestHybridSearchResult" name="test_hybrid_result_optional_fields" time="0.000" /><testcase classname="tests.unit.test_search.test_hybrid.TestHybridSearchResult" name="test_hybrid_result_with_graph_metadata" time="0.000" /><testcase classname="tests.unit.test_search.test_hybrid.TestFeatureFlagIntegration" name="test_vector_only_when_hybrid_disabled" time="0.002" /><testcase classname="tests.unit.test_search.test_ranker.TestResultRankerInitialization" name="test_ranker_default_strategy" time="0.000" /><testcase classname="tests.unit.test_search.test_ranker.TestResultRankerInitialization" name="test_ranker_accepts_linear_strategy" time="0.000" /><testcase classname="tests.unit.test_search.test_ranker.TestResultRankerInitialization" name="test_ranker_accepts_rrf_strategy" time="0.000" /><testcase classname="tests.unit.test_search.test_ranker.TestResultRankerInitialization" name="test_ranker_accepts_max_strategy" time="0.000" /><testcase classname="tests.unit.test_search.test_ranker.TestResultRankerInitialization" name="test_ranker_rejects_invalid_strategy" time="0.000" /><testcase classname="tests.unit.test_search.test_ranker.TestResultRankerInitialization" name="test_ranker_default_weights" time="0.000" /><testcase classname="tests.unit.test_search.test_ranker.TestResultRankerInitialization" name="test_ranker_custom_weights" time="0.000" /><testcase classname="tests.unit.test_search.test_ranker.TestLinearFusion" name="test_linear_fusion_basic" time="0.001" /><testcase classname="tests.unit.test_search.test_ranker.TestLinearFusion" name="test_linear_fusion_vector_only" time="0.000" /><testcase classname="tests.unit.test_search.test_ranker.TestLinearFusion" name="test_linear_fusion_graph_only" time="0.000" /><testcase classname="tests.unit.test_search.test_ranker.TestReciprocalRankFusion" name="test_rrf_basic" time="0.001" /><testcase classname="tests.unit.test_search.test_ranker.TestReciprocalRankFusion" name="test_rrf_k_parameter" time="0.000" /><testcase classname="tests.unit.test_search.test_ranker.TestReciprocalRankFusion" name="test_rrf_default_k" time="0.000" /><testcase classname="tests.unit.test_search.test_ranker.TestReciprocalRankFusion" name="test_rrf_higher_k_smooths_ranking" time="0.001" /><testcase classname="tests.unit.test_search.test_ranker.TestMaxFusion" name="test_max_fusion_takes_highest" time="0.001" /><testcase classname="tests.unit.test_search.test_ranker.TestMaxFusion" name="test_max_fusion_vector_only" time="0.000" /><testcase classname="tests.unit.test_search.test_ranker.TestScoreNormalization" name="test_min_max_normalization" time="0.000" /><testcase classname="tests.unit.test_search.test_ranker.TestScoreNormalization" name="test_min_max_handles_single_value" time="0.001" /><testcase classname="tests.unit.test_search.test_ranker.TestScoreNormalization" name="test_min_max_handles_empty" time="0.000" /><testcase classname="tests.unit.test_search.test_ranker.TestScoreNormalization" name="test_min_max_handles_same_values" time="0.000" /><testcase classname="tests.unit.test_search.test_ranker.TestRelationshipTypeBoost" name="test_parallel_relationship_boost" time="0.000" /><testcase classname="tests.unit.test_search.test_ranker.TestRelationshipTypeBoost" name="test_skip_tier_relationship_penalty" time="0.000" /><testcase classname="tests.unit.test_search.test_ranker.TestRelationshipTypeBoost" name="test_unknown_relationship_no_boost" time="0.001" /><testcase classname="tests.unit.test_search.test_ranker.TestRelationshipTypeBoost" name="test_none_relationship_no_boost" time="0.000" /><testcase classname="tests.unit.test_search.test_ranker.TestRankMethod" name="test_rank_returns_sorted_list" time="0.001" /><testcase classname="tests.unit.test_search.test_ranker.TestRankMethod" name="test_rank_respects_limit" time="0.001" /><testcase classname="tests.unit.test_search.test_ranker.TestRankMethod" name="test_rank_returns_tuples" time="0.001" /><testcase classname="tests.unit.test_search.test_ranker.TestEdgeCases" name="test_empty_inputs" time="0.000" /><testcase classname="tests.unit.test_search.test_ranker.TestEdgeCases" name="test_negative_scores_clamped" time="0.000" /><testcase classname="tests.unit.test_search.test_ranker.TestEdgeCases" name="test_scores_above_one_clamped" time="0.001" /><testcase classname="tests.unit.test_search.test_vector.TestQdrantSearchClientInitialization" name="test_client_accepts_settings" time="0.001" /><testcase classname="tests.unit.test_search.test_vector.TestQdrantSearchClientInitialization" name="test_client_lazy_initialization" time="0.001" /><testcase classname="tests.unit.test_search.test_vector.TestQdrantSearchClientInitialization" name="test_client_stores_configuration" time="0.001" /><testcase classname="tests.unit.test_search.test_vector.TestQdrantSearchClientInitialization" name="test_client_default_limit" time="0.001" /><testcase classname="tests.unit.test_search.test_vector.TestQdrantSearchClientConnection" name="test_connect_creates_client" time="0.002" /><testcase classname="tests.unit.test_search.test_vector.TestQdrantSearchClientConnection" name="test_connect_verifies_connectivity" time="0.001" /><testcase classname="tests.unit.test_search.test_vector.TestQdrantSearchClientConnection" name="test_connect_raises_on_failure" time="0.001" /><testcase classname="tests.unit.test_search.test_vector.TestQdrantSearchClientConnection" name="test_close_closes_client" time="0.002" /><testcase classname="tests.unit.test_search.test_vector.TestQdrantSearchClientConnection" name="test_close_idempotent" time="0.001" /><testcase classname="tests.unit.test_search.test_vector.TestQdrantSearchClientContextManager" name="test_async_context_manager_connects" time="0.002" /><testcase classname="tests.unit.test_search.test_vector.TestQdrantSearchClientContextManager" name="test_async_context_manager_closes_on_exit" time="0.002" /><testcase classname="tests.unit.test_search.test_vector.TestQdrantSearchClientContextManager" name="test_async_context_manager_closes_on_exception" time="0.002" /><testcase classname="tests.unit.test_search.test_vector.TestQdrantSearchClientSearch" name="test_search_returns_results" time="0.002" /><testcase classname="tests.unit.test_search.test_vector.TestQdrantSearchClientSearch" name="test_search_respects_limit" time="0.002" /><testcase classname="tests.unit.test_search.test_vector.TestQdrantSearchClientSearch" name="test_search_uses_default_limit" time="0.002" /><testcase classname="tests.unit.test_search.test_vector.TestQdrantSearchClientSearch" name="test_search_with_filter" time="0.002" /><testcase classname="tests.unit.test_search.test_vector.TestQdrantSearchClientSearch" name="test_search_with_score_threshold" time="0.002" /><testcase classname="tests.unit.test_search.test_vector.TestQdrantSearchClientSearch" name="test_search_raises_on_not_connected" time="0.001" /><testcase classname="tests.unit.test_search.test_vector.TestQdrantSearchClientSearch" name="test_search_raises_on_error" time="0.002" /><testcase classname="tests.unit.test_search.test_vector.TestQdrantSearchClientUpsert" name="test_upsert_single_document" time="0.002" /><testcase classname="tests.unit.test_search.test_vector.TestQdrantSearchClientUpsert" name="test_upsert_batch" time="0.002" /><testcase classname="tests.unit.test_search.test_vector.TestQdrantSearchClientUpsert" name="test_upsert_raises_on_mismatched_lengths" time="0.002" /><testcase classname="tests.unit.test_search.test_vector.TestQdrantSearchClientDelete" name="test_delete_by_id" time="0.002" /><testcase classname="tests.unit.test_search.test_vector.TestQdrantSearchClientCollections" name="test_ensure_collection_creates_if_not_exists" time="0.003" /><testcase classname="tests.unit.test_search.test_vector.TestQdrantSearchClientCollections" name="test_ensure_collection_skips_if_exists" time="0.002" /><testcase classname="tests.unit.test_search.test_vector.TestQdrantSearchClientCollections" name="test_ensure_collection_configures_hnsw" time="0.002" /><testcase classname="tests.unit.test_search.test_vector.TestFakeQdrantSearchClient" name="test_fake_implements_same_interface" time="0.001" /><testcase classname="tests.unit.test_search.test_vector.TestFakeQdrantSearchClient" name="test_fake_connect_succeeds" time="0.001" /><testcase classname="tests.unit.test_search.test_vector.TestFakeQdrantSearchClient" name="test_fake_upsert_stores_data" time="0.001" /><testcase classname="tests.unit.test_search.test_vector.TestFakeQdrantSearchClient" name="test_fake_search_returns_stored_data" time="0.001" /><testcase classname="tests.unit.test_search.test_vector.TestFakeQdrantSearchClient" name="test_fake_delete_removes_data" time="0.001" /><testcase classname="tests.unit.test_search.test_vector.TestFakeQdrantSearchClient" name="test_fake_async_context_manager" time="0.001" /><testcase classname="tests.unit.test_search.test_vector.TestSearchResult" name="test_search_result_creation" time="0.000" /><testcase classname="tests.unit.test_search.test_vector.TestSearchResult" name="test_search_result_score_normalized" time="0.000" /><testcase classname="tests.unit.test_search.test_vector.TestSearchResult" name="test_search_result_optional_payload" time="0.000" /><testcase classname="tests.unit.test_search.test_vector.TestSearchResult" name="test_search_result_equality" time="0.000" /><testcase classname="tests.unit.test_taxonomy_loader.TestTaxonomyParser" name="test_parse_taxonomy_from_json" time="0.003" /><testcase classname="tests.unit.test_taxonomy_loader.TestTaxonomyParser" name="test_parse_taxonomy_from_file" time="0.004" /><testcase classname="tests.unit.test_taxonomy_loader.TestTaxonomyParser" name="test_parse_book_from_json" time="0.000" /><testcase classname="tests.unit.test_taxonomy_loader.TestTaxonomyParser" name="test_parse_chapter_from_json" time="0.000" /><testcase classname="tests.unit.test_taxonomy_loader.TestTaxonomyLoader" name="test_load_taxonomy_creates_taxonomy_node" time="0.003" /><testcase classname="tests.unit.test_taxonomy_loader.TestTaxonomyLoader" name="test_load_taxonomy_creates_book_nodes" time="0.002" /><testcase classname="tests.unit.test_taxonomy_loader.TestTaxonomyLoader" name="test_load_taxonomy_creates_chapter_nodes_with_relationships" time="0.002" /><testcase classname="tests.unit.test_taxonomy_loader.TestTaxonomyLoader" name="test_load_taxonomy_creates_concept_nodes" time="0.002" /><testcase classname="tests.unit.test_taxonomy_loader.TestTaxonomyLoader" name="test_load_taxonomy_links_book_to_tier" time="0.003" /><testcase classname="tests.unit.test_taxonomy_loader.TestTaxonomyDomainObjects" name="test_taxonomy_dataclass_has_required_fields" time="0.000" /><testcase classname="tests.unit.test_taxonomy_loader.TestTaxonomyDomainObjects" name="test_book_dataclass_has_required_fields" time="0.000" /><testcase classname="tests.unit.test_taxonomy_loader.TestTaxonomyDomainObjects" name="test_chapter_dataclass_has_required_fields" time="0.000" /><testcase classname="tests.validation.test_citation_accuracy.TestCitationRelevanceScoring" name="test_parallel_relationship_high_relevance" time="0.001" /><testcase classname="tests.validation.test_citation_accuracy.TestCitationRelevanceScoring" name="test_perpendicular_relationship_good_relevance" time="0.001" /><testcase classname="tests.validation.test_citation_accuracy.TestCitationRelevanceScoring" name="test_skip_tier_relationship_acceptable_relevance" time="0.001" /><testcase classname="tests.validation.test_citation_accuracy.TestCitationRelevanceScoring" name="test_depth_decay_within_bounds" time="0.001" /><testcase classname="tests.validation.test_citation_accuracy.TestCitationRelevanceScoring" name="test_all_relevance_scores_positive" time="0.001" /><testcase classname="tests.validation.test_citation_accuracy.TestCitationRelevanceScoring" name="test_relevance_capped_at_one" time="0.001" /><testcase classname="tests.validation.test_citation_accuracy.TestCitationAccuracyTarget" name="test_tier1_citations_meet_90_percent_target" time="0.002" /><testcase classname="tests.validation.test_citation_accuracy.TestCitationAccuracyTarget" name="test_cross_tier_citations_meet_70_percent_target" time="0.002" /><testcase classname="tests.validation.test_citation_accuracy.TestCitationAccuracyTarget" name="test_average_citation_relevance_above_threshold" time="0.001" /><testcase classname="tests.validation.test_citation_accuracy.TestCitationRelevanceDistribution" name="test_relationship_type_ordering" time="0.001" /><testcase classname="tests.validation.test_citation_accuracy.TestCitationRelevanceDistribution" name="test_depth_ordering" time="0.001" /><testcase classname="tests.validation.test_citation_accuracy.TestCitationRelevanceDistribution" name="test_citation_count_at_depth_1" time="0.001" /><testcase classname="tests.validation.test_citation_accuracy.TestCitationRelevanceDistribution" name="test_multi_hop_relevance_accumulation" time="0.002" /><testcase classname="tests.validation.test_citation_accuracy.TestCitationMetadataPreservation" name="test_traversal_preserves_node_id" time="0.002" /><testcase classname="tests.validation.test_citation_accuracy.TestCitationMetadataPreservation" name="test_traversal_preserves_relationship_type" time="0.001" /><testcase classname="tests.validation.test_citation_accuracy.TestCitationMetadataPreservation" name="test_traversal_tracks_path" time="0.002" /><testcase classname="tests.validation.test_citation_accuracy.TestCitationQualityMetrics" name="test_relevance_score_precision" time="0.001" /><testcase classname="tests.validation.test_citation_accuracy.TestCitationQualityMetrics" name="test_relevance_score_consistency" time="0.001" /><testcase classname="tests.validation.test_citation_accuracy.TestCitationQualityMetrics" name="test_citation_accuracy_report_data" time="0.002" /><testcase classname="tests.validation.test_spider_web_coverage.TestSpiderWebTraversalCoverage" name="test_parallel_relationships_discovered" time="0.001" /><testcase classname="tests.validation.test_spider_web_coverage.TestSpiderWebTraversalCoverage" name="test_perpendicular_relationships_discovered" time="0.001" /><testcase classname="tests.validation.test_spider_web_coverage.TestSpiderWebTraversalCoverage" name="test_skip_tier_relationships_discovered" time="0.002" /><testcase classname="tests.validation.test_spider_web_coverage.TestSpiderWebTraversalCoverage" name="test_bidirectional_traversal_parallel" time="0.001" /><testcase classname="tests.validation.test_spider_web_coverage.TestSpiderWebTraversalCoverage" name="test_bidirectional_traversal_perpendicular" time="0.001" /><testcase classname="tests.validation.test_spider_web_coverage.TestSpiderWebTraversalCoverage" name="test_bidirectional_traversal_skip_tier" time="0.001" /><testcase classname="tests.validation.test_spider_web_coverage.TestSpiderWebTraversalCoverage" name="test_dfs_discovers_all_relationship_types" time="0.002" /><testcase classname="tests.validation.test_spider_web_coverage.TestSpiderWebTraversalCoverage" name="test_traversal_respects_max_depth" time="0.001" /><testcase classname="tests.validation.test_spider_web_coverage.TestSpiderWebTraversalCoverage" name="test_all_tiers_reachable" time="0.001" /><testcase classname="tests.validation.test_spider_web_coverage.TestRelationshipTypeClassification" name="test_parallel_relationship_type_value" time="0.000" /><testcase classname="tests.validation.test_spider_web_coverage.TestRelationshipTypeClassification" name="test_perpendicular_relationship_type_value" time="0.000" /><testcase classname="tests.validation.test_spider_web_coverage.TestRelationshipTypeClassification" name="test_skip_tier_relationship_type_value" time="0.000" /><testcase classname="tests.validation.test_spider_web_coverage.TestTraversalDirectionClassification" name="test_traversal_directions" time="0.002" /></testsuite></testsuites>